{
  "problem_id": "83437db4-3e3b-4167-bb7b-74178b6586fd"
}